Baseline runner: 31 suites referenced by "npm test"
PASS scripts/test-website-ranker.ts (2857 ms)
PASS scripts/test-second-chance.ts (2566 ms)
PASS scripts/test-satungal-sweep-defects.ts (3616 ms)
PASS scripts/test-website-discovery-budget.ts (2587 ms)
PASS scripts/test-website-discovery-gate.ts (2371 ms)
PASS scripts/test-snippet-phone-attribution.ts (2537 ms)
PASS scripts/test-ever-vision-discovery.ts (2973 ms)
PASS scripts/test-negative-directory-contamination.ts (3310 ms)
PASS scripts/test-phase7c-defect-remediation.ts (3032 ms)
PASS scripts/test-phase8a-geographic-evaluator.ts (818 ms)
PASS scripts/test-phase8b-contact-role-aggregation.ts (3494 ms)
PASS scripts/test-phase8-geographic-contact-reconciliation.ts (3073 ms)
PASS scripts/test-phase8d-defect-fixes.ts (3463 ms)
PASS scripts/test-phase8f-rich-metadata.ts (2917 ms)
PASS scripts/test-phase8g-defects.ts (3116 ms)
PASS scripts/test-phase8h-defects.ts (4117 ms)
PASS scripts/test-phase8h-w207.ts (4265 ms)
PASS scripts/test-phase8h-w208.ts (3193 ms)
PASS scripts/test-phase8i-defects.ts (2829 ms)
PASS scripts/test-phase8j-defects.ts (3329 ms)
PASS scripts/test-phase8k-defects.ts (2476 ms)
PASS scripts/test-phase8l-defects.ts (2929 ms)
PASS scripts/test-phase8m-defects.ts (2469 ms)
PASS scripts/test-phase8n-defects.ts (3115 ms)
PASS scripts/test-phase8o-defects.ts (3209 ms)
PASS scripts/test-mongo-service.ts (3114 ms)
PASS scripts/test-m2a-locality-and-maps.ts (3355 ms)
PASS scripts/test-m2b-candidate-preservation.ts (2644 ms)
PASS scripts/test-m2c-social-extraction.ts (2888 ms)
PASS scripts/test-m2c-cascade-semantics.ts (3006 ms)
PASS scripts/test-m2c-structured-branch-attribution.ts (2782 ms)

Baseline artifact written: E:\Agentic Search\searchDump\docs\phase0\artifacts\baseline-test-results.json
Suites: 31 | passed: 31 | failed: 0
